// Vitest Snapshot v1, https://vitest.dev/guide/snapshot.html

exports[`EditorCanvas > renders and applies CSS dimensions correctly 1`] = `
<div>
  <div
    style="width: 1000px; height: 800px;"
  >
    <div
      class="relative h-full w-full overflow-hidden "
      data-testid="editor-canvas-host"
    >
      <div
        class="absolute inset-0 flex items-center justify-center"
        style="padding: 24px;"
      >
        <div
          class="relative bg-gray-100 dark:bg-gray-800 rounded-md shadow-md p-1"
        >
          <div
            aria-label="canvas-scale-holder"
            style="transform-origin: top left; scale: 1;"
          >
            <canvas
              class="block"
              data-testid="editor-canvas"
              height="600"
              style="background: rgb(255, 255, 255); border-radius: 0.25rem; border: 1px solid rgba(0, 0, 0, 0.1); width: 1000px; height: 600px;"
              width="1000"
            />
          </div>
        </div>
      </div>
    </div>
  </div>
</div>
`;
